// Jest Snapshot v1, https://goo.gl/fbAQLP

exports[`ToDoList.vue has the expected html structure 1`] = `
<section
  class="todoapp"
>
  <header
    class="header"
  >
    <h1>
      todos
    </h1>
     
    <input
      autofocus="autofocus"
      class="new-todo"
      placeholder="What needs to be done?"
    />
  </header>
   
  <section
    class="main"
  >
    <input
      class="toggle-all"
      id="toggle-all"
      type="checkbox"
    />
     
    <label
      for="toggle-all"
    >
      Mark all as complete
    </label>
     
    <ul
      class="todo-list"
    >
      <li
        class="completed"
      >
        <div
          class="view"
        >
          <input
            class="toggle"
            type="checkbox"
          />
           
          <label>
            aaa
          </label>
           
          <button
            class="destroy"
          />
        </div>
         
        <input
          class="edit"
        />
      </li>
      <li
        class=""
      >
        <div
          class="view"
        >
          <input
            class="toggle"
            type="checkbox"
          />
           
          <label>
            bbb
          </label>
           
          <button
            class="destroy"
          />
        </div>
         
        <input
          class="edit"
        />
      </li>
      <li
        class=""
      >
        <div
          class="view"
        >
          <input
            class="toggle"
            type="checkbox"
          />
           
          <label>
            ccc
          </label>
           
          <button
            class="destroy"
          />
        </div>
         
        <input
          class="edit"
        />
      </li>
    </ul>
  </section>
   
  <footer
    class="footer"
  >
    <span
      class="todo-count"
    >
      <strong>
        2
      </strong>
       item left
    </span>
     
    <ul
      class="filters"
    >
      <li>
        <a
          class="selected"
        >
          All
        </a>
      </li>
       
      <li>
        <a
          class=""
        >
          Active
        </a>
      </li>
       
      <li>
        <a
          class=""
        >
          Completed
        </a>
      </li>
    </ul>
     
    <button
      class="clear-completed"
    >
      Clear completed
    </button>
  </footer>
</section>
`;
